PS C:\Users\ASUS\Desktop\github> git --version
git version 2.47.1.windows.2
PS C:\Users\ASUS\Desktop\github> git clone https://github.com/ManaswibRane/apna.git
Cloning into 'apna'...
remote: Enumerating objects: 9, done.
remote: Counting objects: 100% (9/9), done.
remote: Compressing objects: 100% (3/3), done.
remote: Total 9 (delta 0), reused 0 (delta 0), pack-reused 0 (from 0)
Receiving objects: 100% (9/9), done.
PS C:\Users\ASUS\Desktop\github> cd apna
PS C:\Users\ASUS\Desktop\github\apna> ls -a
Get-ChildItem : Parameter cannot be processed because the parameter name 'a' is ambiguous. Possible matches include: -Attributes -Directory -File 
-Hidden -ReadOnly -System.
At line:1 char:4
+ ls -a
+    ~~
    + CategoryInfo          : InvalidArgument: (:) [Get-ChildItem], ParameterBindingException
    + FullyQualifiedErrorId : AmbiguousParameter,Microsoft.PowerShell.Commands.GetChildItemCommand

PS C:\Users\ASUS\Desktop\github\apna> dir /a
>>
dir : Cannot find path 'C:\a' because it does not exist.
At line:1 char:1
+ dir /a
+ ~~~~~~
    + CategoryInfo          : ObjectNotFound: (C:\a:String) [Get-ChildItem], ItemNotFoundException
    + FullyQualifiedErrorId : PathNotFound,Microsoft.PowerShell.Commands.GetChildItemCommand

PS C:\Users\ASUS\Desktop\github\apna> dir/a
dir/a : The term 'dir/a' is not recognized as the name of a cmdlet, function, script file, or operable program. Check the spelling of the name, or 
if a path was included, verify that the path is correct and try again.
At line:1 char:1
+ dir/a
+ ~~~~~
    + CategoryInfo          : ObjectNotFound: (dir/a:String) [], CommandNotFoundException
    + FullyQualifiedErrorId : CommandNotFoundException

PS C:\Users\ASUS\Desktop\github\apna> dir /a
dir : Cannot find path 'C:\a' because it does not exist.
At line:1 char:1
+ dir /a
+ ~~~~~~
    + CategoryInfo          : ObjectNotFound: (C:\a:String) [Get-ChildItem], ItemNotFoundException
    + FullyQualifiedErrorId : PathNotFound,Microsoft.PowerShell.Commands.GetChildItemCommand

PS C:\Users\ASUS\Desktop\github\apna> dir -Force


    Directory: C:\Users\ASUS\Desktop\github\apna


Mode                 LastWriteTime         Length Name
----                 -------------         ------ ----
d--h--        23-01-2025     01:47                .git
-a----        23-01-2025     01:47             41 README.md


PS C:\Users\ASUS\Desktop\github\apna> git status
On branch main
Your branch is up to date with 'origin/main'.

nothing to commit, working tree clean
PS C:\Users\ASUS\Desktop\github\apna> git status
On branch main
Your branch is up to date with 'origin/main'.

Changes not staged for commit:
  (use "git add <file>..." to update what will be committed)
  (use "git restore <file>..." to discard changes in working directory)
        modified:   README.md

no changes added to commit (use "git add" and/or "git commit -a")
PS C:\Users\ASUS\Desktop\github\apna> git add README.md
PS C:\Users\ASUS\Desktop\github\apna> git status
On branch main
Your branch is up to date with 'origin/main'.

Changes to be committed:
  (use "git restore --staged <file>..." to unstage)
        modified:   README.md

PS C:\Users\ASUS\Desktop\github\apna> git add .
PS C:\Users\ASUS\Desktop\github\apna> git commit -m "Added R "
[main 0c2ebc3] Added R
 1 file changed, 1 insertion(+), 1 deletion(-)
PS C:\Users\ASUS\Desktop\github\apna> git status
On branch main
Your branch is ahead of 'origin/main' by 1 commit.
  (use "git push" to publish your local commits)

nothing to commit, working tree clean
PS C:\Users\ASUS\Desktop\github\apna> git status
On branch main
Your branch is ahead of 'origin/main' by 1 commit.
  (use "git push" to publish your local commits)

nothing to commit, working tree clean
PS C:\Users\ASUS\Desktop\github\apna> git status
On branch main
Your branch is ahead of 'origin/main' by 1 commit.
  (use "git push" to publish your local commits)

Untracked files:
  (use "git add <file>..." to include in what will be committed)
        index.html

nothing added to commit but untracked files present (use "git add" to track)
PS C:\Users\ASUS\Desktop\github\apna> git add .
PS C:\Users\ASUS\Desktop\github\apna> git commit -m "added index.html"
[main c8f3ced] added index.html
 1 file changed, 0 insertions(+), 0 deletions(-)
 create mode 100644 index.html
PS C:\Users\ASUS\Desktop\github\apna> git status
On branch main
Your branch is ahead of 'origin/main' by 2 commits.
  (use "git push" to publish your local commits)

nothing to commit, working tree clean
PS C:\Users\ASUS\Desktop\github\apna> git push origin main